violations[0] = Violation [column=1, endLine=71, endColumn=null, file=se/bjurr/violations/lib/reports/Parser.java, message=Covered 40 out of 92 instructions (43.48%) for findViolations(Lse/bjurr/violations/lib/ViolationsLogger;Ljava/util/List;)Ljava/util/Set;, parser=JACOCO, reporter=JACOCO, rule=, category=, severity=WARN, source=, specifics={}, startLine=71, group=]
violations[1] = Violation [column=1, endLine=101, endColumn=null, file=se/bjurr/violations/lib/reports/Parser.java, message=Covered 42 out of 92 instructions (45.65%) for findViolations2(Lse/bjurr/violations/lib/ViolationsLogger;Ljava/util/List;)Ljava/util/Set;, parser=JACOCO, reporter=JACOCO, rule=, category=, severity=WARN, source=, specifics={}, startLine=101, group=]
